ARM GAS  C:\Users\Bebra\AppData\Local\Temp\ccLcjpQ5.s 			page 1


   1              		.cpu cortex-m4
   2              		.arch armv7e-m
   3              		.fpu fpv4-sp-d16
   4              		.eabi_attribute 27, 1
   5              		.eabi_attribute 28, 1
   6              		.eabi_attribute 20, 1
   7              		.eabi_attribute 21, 1
   8              		.eabi_attribute 23, 3
   9              		.eabi_attribute 24, 1
  10              		.eabi_attribute 25, 1
  11              		.eabi_attribute 26, 1
  12              		.eabi_attribute 30, 1
  13              		.eabi_attribute 34, 1
  14              		.eabi_attribute 18, 4
  15              		.file	"main.c"
  16              		.text
  17              	.Ltext0:
  18              		.cfi_sections	.debug_frame
  19              		.file 1 "Core/Src/main.c"
  20              		.section	.text.UpdateLEDs.0,"ax",%progbits
  21              		.align	1
  22              		.syntax unified
  23              		.thumb
  24              		.thumb_func
  26              	UpdateLEDs.0:
  27              	.LFB136:
   1:Core/Src/main.c **** #include "../Inc/init.h"
   2:Core/Src/main.c **** #include "../Src/init.c"
   3:Core/Src/main.c **** #include <stdint.h>
   4:Core/Src/main.c **** 
   5:Core/Src/main.c **** 
   6:Core/Src/main.c **** 
   7:Core/Src/main.c **** uint8_t current_led_indx = 0;
   8:Core/Src/main.c **** uint8_t led_count = 0;
   9:Core/Src/main.c **** uint8_t led_index = 0;
  10:Core/Src/main.c **** int main(void)
  11:Core/Src/main.c **** {
  12:Core/Src/main.c ****     void UpdateLEDs(void)
  13:Core/Src/main.c ****     {
  28              		.loc 1 13 5 view -0
  29              		.cfi_startproc
  30              		@ args = 0, pretend = 0, frame = 0
  31              		@ frame_needed = 0, uses_anonymous_args = 0
  32              		@ link register save eliminated.
  14:Core/Src/main.c ****         SET_BIT(GPIOB->BSRR, GPIO_BSRR_BR0 |GPIO_BSRR_BR7 | GPIO_BSRR_BR14 );
  33              		.loc 1 14 9 view .LVU1
  34 0000 194A     		ldr	r2, .L8
  35 0002 9369     		ldr	r3, [r2, #24]
  36 0004 43F08143 		orr	r3, r3, #1082130432
  37 0008 43F48033 		orr	r3, r3, #65536
  38 000c 9361     		str	r3, [r2, #24]
  15:Core/Src/main.c **** 
  16:Core/Src/main.c ****     for (uint8_t i = 0; i < led_count; i++) 
  39              		.loc 1 16 5 view .LVU2
  40              	.LBB2:
  41              		.loc 1 16 10 view .LVU3
  42              	.LVL0:
ARM GAS  C:\Users\Bebra\AppData\Local\Temp\ccLcjpQ5.s 			page 2


  43              		.loc 1 16 18 is_stmt 0 view .LVU4
  44 000e 0022     		movs	r2, #0
  45              		.loc 1 16 5 view .LVU5
  46 0010 06E0     		b	.L2
  47              	.LVL1:
  48              	.L3:
  49              	.LBB3:
  17:Core/Src/main.c ****         {
  18:Core/Src/main.c ****         uint8_t led_index = (current_led_indx + i) % 3;
  19:Core/Src/main.c ****         switch (led_index) 
  20:Core/Src/main.c ****             {
  21:Core/Src/main.c ****             case 0:
  22:Core/Src/main.c ****                 SET_BIT(GPIOB->BSRR, GPIO_BSRR_BS0);  // PB0
  23:Core/Src/main.c ****                 break;
  24:Core/Src/main.c ****             case 1:
  25:Core/Src/main.c ****                 SET_BIT(GPIOB->BSRR, GPIO_BSRR_BS7);  // PB7
  50              		.loc 1 25 17 is_stmt 1 view .LVU6
  51 0012 1549     		ldr	r1, .L8
  52 0014 8B69     		ldr	r3, [r1, #24]
  53              	.LVL2:
  54              		.loc 1 25 17 is_stmt 0 view .LVU7
  55 0016 43F08003 		orr	r3, r3, #128
  56 001a 8B61     		str	r3, [r1, #24]
  57              	.LVL3:
  26:Core/Src/main.c ****                 break;
  58              		.loc 1 26 17 is_stmt 1 view .LVU8
  59              	.L5:
  60              	.LBE3:
  16:Core/Src/main.c ****         {
  61              		.loc 1 16 41 discriminator 2 view .LVU9
  62 001c 0132     		adds	r2, r2, #1
  63              	.LVL4:
  16:Core/Src/main.c ****         {
  64              		.loc 1 16 41 is_stmt 0 discriminator 2 view .LVU10
  65 001e D2B2     		uxtb	r2, r2
  66              	.LVL5:
  67              	.L2:
  16:Core/Src/main.c ****         {
  68              		.loc 1 16 27 is_stmt 1 discriminator 1 view .LVU11
  69 0020 124B     		ldr	r3, .L8+4
  70 0022 1B78     		ldrb	r3, [r3]	@ zero_extendqisi2
  71 0024 9342     		cmp	r3, r2
  72 0026 1DD9     		bls	.L7
  73              	.LBB4:
  18:Core/Src/main.c ****         switch (led_index) 
  74              		.loc 1 18 9 view .LVU12
  18:Core/Src/main.c ****         switch (led_index) 
  75              		.loc 1 18 47 is_stmt 0 view .LVU13
  76 0028 114B     		ldr	r3, .L8+8
  77 002a 1978     		ldrb	r1, [r3]	@ zero_extendqisi2
  78 002c 1144     		add	r1, r1, r2
  18:Core/Src/main.c ****         switch (led_index) 
  79              		.loc 1 18 52 view .LVU14
  80 002e 114B     		ldr	r3, .L8+12
  81 0030 83FB0103 		smull	r0, r3, r3, r1
  82 0034 A3EBE173 		sub	r3, r3, r1, asr #31
  83 0038 03EB4303 		add	r3, r3, r3, lsl #1
ARM GAS  C:\Users\Bebra\AppData\Local\Temp\ccLcjpQ5.s 			page 3


  84 003c CB1A     		subs	r3, r1, r3
  85              	.LVL6:
  19:Core/Src/main.c ****             {
  86              		.loc 1 19 9 is_stmt 1 view .LVU15
  87 003e DBB2     		uxtb	r3, r3
  19:Core/Src/main.c ****             {
  88              		.loc 1 19 9 is_stmt 0 view .LVU16
  89 0040 012B     		cmp	r3, #1
  90 0042 E6D0     		beq	.L3
  91 0044 022B     		cmp	r3, #2
  92 0046 07D0     		beq	.L4
  93 0048 002B     		cmp	r3, #0
  94 004a E7D1     		bne	.L5
  22:Core/Src/main.c ****                 break;
  95              		.loc 1 22 17 is_stmt 1 view .LVU17
  96 004c 0649     		ldr	r1, .L8
  97 004e 8B69     		ldr	r3, [r1, #24]
  98              	.LVL7:
  22:Core/Src/main.c ****                 break;
  99              		.loc 1 22 17 is_stmt 0 view .LVU18
 100 0050 43F00103 		orr	r3, r3, #1
 101 0054 8B61     		str	r3, [r1, #24]
 102              	.LVL8:
  23:Core/Src/main.c ****             case 1:
 103              		.loc 1 23 17 is_stmt 1 view .LVU19
 104 0056 E1E7     		b	.L5
 105              	.LVL9:
 106              	.L4:
  27:Core/Src/main.c ****             case 2:
  28:Core/Src/main.c ****                 SET_BIT(GPIOB->BSRR, GPIO_BSRR_BS14); // PB14
 107              		.loc 1 28 17 view .LVU20
 108 0058 0349     		ldr	r1, .L8
 109 005a 8B69     		ldr	r3, [r1, #24]
 110              	.LVL10:
 111              		.loc 1 28 17 is_stmt 0 view .LVU21
 112 005c 43F48043 		orr	r3, r3, #16384
 113 0060 8B61     		str	r3, [r1, #24]
 114              	.LVL11:
  29:Core/Src/main.c ****                 break;
 115              		.loc 1 29 17 is_stmt 1 view .LVU22
 116 0062 DBE7     		b	.L5
 117              	.LVL12:
 118              	.L7:
 119              		.loc 1 29 17 is_stmt 0 view .LVU23
 120              	.LBE4:
 121              	.LBE2:
  30:Core/Src/main.c ****             }
  31:Core/Src/main.c ****         }
  32:Core/Src/main.c ****     }
 122              		.loc 1 32 5 view .LVU24
 123 0064 7047     		bx	lr
 124              	.L9:
 125 0066 00BF     		.align	2
 126              	.L8:
 127 0068 00040240 		.word	1073873920
 128 006c 00000000 		.word	led_count
 129 0070 00000000 		.word	current_led_indx
ARM GAS  C:\Users\Bebra\AppData\Local\Temp\ccLcjpQ5.s 			page 4


 130 0074 56555555 		.word	1431655766
 131              		.cfi_endproc
 132              	.LFE136:
 134              		.section	.text.GPIO_init__Memory,"ax",%progbits
 135              		.align	1
 136              		.global	GPIO_init__Memory
 137              		.syntax unified
 138              		.thumb
 139              		.thumb_func
 141              	GPIO_init__Memory:
 142              	.LFB130:
 143              		.file 2 "Core/Src/../Src/init.c"
   1:Core/Src/../Src/init.c **** #include "../Inc/init.h"
   2:Core/Src/../Src/init.c **** #include <stdint.h>
   3:Core/Src/../Src/init.c **** void GPIO_init__Memory(void){};
 144              		.loc 2 3 29 is_stmt 1 view -0
 145              		.cfi_startproc
 146              		@ args = 0, pretend = 0, frame = 0
 147              		@ frame_needed = 0, uses_anonymous_args = 0
 148              		@ link register save eliminated.
 149              		.loc 2 3 30 view .LVU26
 150 0000 7047     		bx	lr
 151              		.cfi_endproc
 152              	.LFE130:
 154              		.section	.text.GPIO_init_led_pb7_blue,"ax",%progbits
 155              		.align	1
 156              		.global	GPIO_init_led_pb7_blue
 157              		.syntax unified
 158              		.thumb
 159              		.thumb_func
 161              	GPIO_init_led_pb7_blue:
 162              	.LFB131:
   4:Core/Src/../Src/init.c **** void GPIO_init_led_pb7_blue (void)
   5:Core/Src/../Src/init.c **** {
 163              		.loc 2 5 1 view -0
 164              		.cfi_startproc
 165              		@ args = 0, pretend = 0, frame = 0
 166              		@ frame_needed = 0, uses_anonymous_args = 0
 167              		@ link register save eliminated.
   6:Core/Src/../Src/init.c **** *(uint32_t *)(0x40023800UL + 0x30UL) |= 0x02UL;
 168              		.loc 2 6 1 view .LVU28
 169 0000 0F4A     		ldr	r2, .L12
 170 0002 D2F83038 		ldr	r3, [r2, #2096]
 171              		.loc 2 6 38 is_stmt 0 view .LVU29
 172 0006 43F00201 		orr	r1, r3, #2
 173 000a C2F83018 		str	r1, [r2, #2096]
   7:Core/Src/../Src/init.c **** *(uint32_t *)(0x40023800UL + 0x30UL) |= 0x06UL;
 174              		.loc 2 7 1 is_stmt 1 view .LVU30
 175              		.loc 2 7 38 is_stmt 0 view .LVU31
 176 000e 43F00603 		orr	r3, r3, #6
 177 0012 C2F83038 		str	r3, [r2, #2096]
   8:Core/Src/../Src/init.c **** *(uint32_t *)(0x40020400UL + 0x00UL) |= 0x4000UL;
 178              		.loc 2 8 1 is_stmt 1 view .LVU32
 179 0016 0B4B     		ldr	r3, .L12+4
 180 0018 D3F80024 		ldr	r2, [r3, #1024]
 181              		.loc 2 8 38 is_stmt 0 view .LVU33
 182 001c 42F48042 		orr	r2, r2, #16384
ARM GAS  C:\Users\Bebra\AppData\Local\Temp\ccLcjpQ5.s 			page 5


 183 0020 C3F80024 		str	r2, [r3, #1024]
   9:Core/Src/../Src/init.c **** *(uint32_t *)(0x40020400UL + 0x04UL) |= 0x00UL;
 184              		.loc 2 9 1 is_stmt 1 view .LVU34
  10:Core/Src/../Src/init.c **** *(uint32_t *)(0x40020400UL + 0x08UL) |= 0x4000UL;
 185              		.loc 2 10 1 view .LVU35
 186 0024 D3F80824 		ldr	r2, [r3, #1032]
 187              		.loc 2 10 38 is_stmt 0 view .LVU36
 188 0028 42F48042 		orr	r2, r2, #16384
 189 002c C3F80824 		str	r2, [r3, #1032]
  11:Core/Src/../Src/init.c **** *(uint32_t *)(0x40020400UL + 0x18UL) |= 0x800000UL;
 190              		.loc 2 11 1 is_stmt 1 view .LVU37
 191 0030 D3F81824 		ldr	r2, [r3, #1048]
 192              		.loc 2 11 38 is_stmt 0 view .LVU38
 193 0034 42F40002 		orr	r2, r2, #8388608
 194 0038 C3F81824 		str	r2, [r3, #1048]
  12:Core/Src/../Src/init.c **** }
 195              		.loc 2 12 1 view .LVU39
 196 003c 7047     		bx	lr
 197              	.L13:
 198 003e 00BF     		.align	2
 199              	.L12:
 200 0040 00300240 		.word	1073885184
 201 0044 00000240 		.word	1073872896
 202              		.cfi_endproc
 203              	.LFE131:
 205              		.section	.text.GPIO_init_led_pb14_red,"ax",%progbits
 206              		.align	1
 207              		.global	GPIO_init_led_pb14_red
 208              		.syntax unified
 209              		.thumb
 210              		.thumb_func
 212              	GPIO_init_led_pb14_red:
 213              	.LFB132:
  13:Core/Src/../Src/init.c **** void GPIO_init_led_pb14_red (void)
  14:Core/Src/../Src/init.c **** {
 214              		.loc 2 14 1 is_stmt 1 view -0
 215              		.cfi_startproc
 216              		@ args = 0, pretend = 0, frame = 0
 217              		@ frame_needed = 0, uses_anonymous_args = 0
 218              		@ link register save eliminated.
  15:Core/Src/../Src/init.c ****     RCC_AHB1ENR |= RCC_GPIOB_EN | RCC_GPIOC_EN;
 219              		.loc 2 15 5 view .LVU41
 220 0000 0D4A     		ldr	r2, .L15
 221 0002 D2F83038 		ldr	r3, [r2, #2096]
 222              		.loc 2 15 17 is_stmt 0 view .LVU42
 223 0006 43F00603 		orr	r3, r3, #6
 224 000a C2F83038 		str	r3, [r2, #2096]
  16:Core/Src/../Src/init.c ****     BIT_SET(GPIOB_MODER, GPIO_PIN_OUT_14);
 225              		.loc 2 16 5 is_stmt 1 view .LVU43
 226 000e 0B4B     		ldr	r3, .L15+4
 227 0010 D3F80024 		ldr	r2, [r3, #1024]
 228 0014 42F08052 		orr	r2, r2, #268435456
 229 0018 C3F80024 		str	r2, [r3, #1024]
  17:Core/Src/../Src/init.c ****     BIT_SET(GPIOB_OTYPER, GPIO_OFF);
 230              		.loc 2 17 5 view .LVU44
  18:Core/Src/../Src/init.c ****     BIT_SET(GPIOB_OSPEEDR, GPIO_PIN_MED_14);
 231              		.loc 2 18 5 view .LVU45
ARM GAS  C:\Users\Bebra\AppData\Local\Temp\ccLcjpQ5.s 			page 6


 232 001c D3F80824 		ldr	r2, [r3, #1032]
 233 0020 42F08052 		orr	r2, r2, #268435456
 234 0024 C3F80824 		str	r2, [r3, #1032]
  19:Core/Src/../Src/init.c ****     BIT_SET(GPIOB_BSRR, GPIO_PIN_RESET_14);
 235              		.loc 2 19 5 view .LVU46
 236 0028 D3F81824 		ldr	r2, [r3, #1048]
 237 002c 42F08042 		orr	r2, r2, #1073741824
 238 0030 C3F81824 		str	r2, [r3, #1048]
  20:Core/Src/../Src/init.c **** }
 239              		.loc 2 20 1 is_stmt 0 view .LVU47
 240 0034 7047     		bx	lr
 241              	.L16:
 242 0036 00BF     		.align	2
 243              	.L15:
 244 0038 00300240 		.word	1073885184
 245 003c 00000240 		.word	1073872896
 246              		.cfi_endproc
 247              	.LFE132:
 249              		.section	.text.GPIO_init_led_pb0_green,"ax",%progbits
 250              		.align	1
 251              		.global	GPIO_init_led_pb0_green
 252              		.syntax unified
 253              		.thumb
 254              		.thumb_func
 256              	GPIO_init_led_pb0_green:
 257              	.LFB133:
  21:Core/Src/../Src/init.c **** void GPIO_init_led_pb0_green (void)
  22:Core/Src/../Src/init.c **** {
 258              		.loc 2 22 1 is_stmt 1 view -0
 259              		.cfi_startproc
 260              		@ args = 0, pretend = 0, frame = 0
 261              		@ frame_needed = 0, uses_anonymous_args = 0
 262              		@ link register save eliminated.
  23:Core/Src/../Src/init.c ****    SET_BIT(RCC->AHB1ENR, RCC_AHB1ENR_GPIOBEN | RCC_AHB1ENR_GPIOCEN);
 263              		.loc 2 23 4 view .LVU49
 264 0000 0B4A     		ldr	r2, .L18
 265 0002 136B     		ldr	r3, [r2, #48]
 266 0004 43F00603 		orr	r3, r3, #6
 267 0008 1363     		str	r3, [r2, #48]
  24:Core/Src/../Src/init.c ****    SET_BIT(GPIOB->MODER, GPIO_MODER_MODE0_0);
 268              		.loc 2 24 4 view .LVU50
 269 000a 0A4B     		ldr	r3, .L18+4
 270 000c 1A68     		ldr	r2, [r3]
 271 000e 42F00102 		orr	r2, r2, #1
 272 0012 1A60     		str	r2, [r3]
  25:Core/Src/../Src/init.c ****    CLEAR_BIT(GPIOB->OTYPER,GPIO_OTYPER_OT_0);
 273              		.loc 2 25 4 view .LVU51
 274 0014 5A68     		ldr	r2, [r3, #4]
 275 0016 22F00102 		bic	r2, r2, #1
 276 001a 5A60     		str	r2, [r3, #4]
  26:Core/Src/../Src/init.c ****    SET_BIT(GPIOB->OSPEEDR, GPIO_OSPEEDER_OSPEEDR0_0);
 277              		.loc 2 26 4 view .LVU52
 278 001c 9A68     		ldr	r2, [r3, #8]
 279 001e 42F00102 		orr	r2, r2, #1
 280 0022 9A60     		str	r2, [r3, #8]
  27:Core/Src/../Src/init.c ****    SET_BIT(GPIOB->BSRR, GPIO_BSRR_BR0);
 281              		.loc 2 27 4 view .LVU53
ARM GAS  C:\Users\Bebra\AppData\Local\Temp\ccLcjpQ5.s 			page 7


 282 0024 9A69     		ldr	r2, [r3, #24]
 283 0026 42F48032 		orr	r2, r2, #65536
 284 002a 9A61     		str	r2, [r3, #24]
  28:Core/Src/../Src/init.c **** }
 285              		.loc 2 28 1 is_stmt 0 view .LVU54
 286 002c 7047     		bx	lr
 287              	.L19:
 288 002e 00BF     		.align	2
 289              	.L18:
 290 0030 00380240 		.word	1073887232
 291 0034 00040240 		.word	1073873920
 292              		.cfi_endproc
 293              	.LFE133:
 295              		.section	.text.GPIO_button_input,"ax",%progbits
 296              		.align	1
 297              		.global	GPIO_button_input
 298              		.syntax unified
 299              		.thumb
 300              		.thumb_func
 302              	GPIO_button_input:
 303              	.LFB134:
  29:Core/Src/../Src/init.c **** void GPIO_button_input(void)
  30:Core/Src/../Src/init.c **** {
 304              		.loc 2 30 1 is_stmt 1 view -0
 305              		.cfi_startproc
 306              		@ args = 0, pretend = 0, frame = 0
 307              		@ frame_needed = 0, uses_anonymous_args = 0
 308              		@ link register save eliminated.
  31:Core/Src/../Src/init.c ****     //PС12
  32:Core/Src/../Src/init.c ****     CLEAR_BIT(GPIOC->MODER, GPIO_MODER_MODE9_0);
 309              		.loc 2 32 5 view .LVU56
 310 0000 044B     		ldr	r3, .L21
 311 0002 1A68     		ldr	r2, [r3]
 312 0004 22F48022 		bic	r2, r2, #262144
 313 0008 1A60     		str	r2, [r3]
  33:Core/Src/../Src/init.c ****     CLEAR_BIT(GPIOC->PUPDR, GPIO_PUPDR_PUPDR9_0);
 314              		.loc 2 33 5 view .LVU57
 315 000a DA68     		ldr	r2, [r3, #12]
 316 000c 22F48022 		bic	r2, r2, #262144
 317 0010 DA60     		str	r2, [r3, #12]
  34:Core/Src/../Src/init.c **** }...
 318              		.loc 2 34 1 is_stmt 0 view .LVU58
 319 0012 7047     		bx	lr
 320              	.L22:
 321              		.align	2
 322              	.L21:
 323 0014 00080240 		.word	1073874944
 324              		.cfi_endproc
 325              	.LFE134:
 327              		.section	.text.main,"ax",%progbits
 328              		.align	1
 329              		.global	main
 330              		.syntax unified
 331              		.thumb
 332              		.thumb_func
 334              	main:
 335              	.LFB135:
ARM GAS  C:\Users\Bebra\AppData\Local\Temp\ccLcjpQ5.s 			page 8


  11:Core/Src/main.c ****     void UpdateLEDs(void)
 336              		.loc 1 11 1 is_stmt 1 view -0
 337              		.cfi_startproc
 338              		@ Volatile: function does not return.
 339              		@ args = 0, pretend = 0, frame = 0
 340              		@ frame_needed = 0, uses_anonymous_args = 0
 341 0000 08B5     		push	{r3, lr}
 342              	.LCFI0:
 343              		.cfi_def_cfa_offset 8
 344              		.cfi_offset 3, -8
 345              		.cfi_offset 14, -4
  12:Core/Src/main.c ****     {
 346              		.loc 1 12 5 view .LVU60
  33:Core/Src/main.c ****  GPIO_init_led_pb7_blue ();
 347              		.loc 1 33 2 view .LVU61
 348 0002 FFF7FEFF 		bl	GPIO_init_led_pb7_blue
 349              	.LVL13:
  34:Core/Src/main.c ****  GPIO_init_led_pb14_red ();
 350              		.loc 1 34 2 view .LVU62
 351 0006 FFF7FEFF 		bl	GPIO_init_led_pb14_red
 352              	.LVL14:
  35:Core/Src/main.c ****  GPIO_init_led_pb0_green ();
 353              		.loc 1 35 2 view .LVU63
 354 000a FFF7FEFF 		bl	GPIO_init_led_pb0_green
 355              	.LVL15:
  36:Core/Src/main.c ****  GPIO_button_input();
 356              		.loc 1 36 2 view .LVU64
 357 000e FFF7FEFF 		bl	GPIO_button_input
 358              	.LVL16:
 359              	.L25:
  37:Core/Src/main.c ****     while (1)
 360              		.loc 1 37 5 view .LVU65
  38:Core/Src/main.c ****     {
  39:Core/Src/main.c ****        if (BIT_READ(GPIOC_IDR, GPIO_PIN_13))
 361              		.loc 1 39 8 view .LVU66
 362              		.loc 1 39 12 is_stmt 0 view .LVU67
 363 0012 144B     		ldr	r3, .L29
 364 0014 D3F81038 		ldr	r3, [r3, #2064]
 365              		.loc 1 39 11 view .LVU68
 366 0018 13F4005F 		tst	r3, #8192
 367 001c 14D1     		bne	.L28
 368              	.L24:
  40:Core/Src/main.c ****        {
  41:Core/Src/main.c ****         current_led_indx = (current_led_indx + 1) % 3;
  42:Core/Src/main.c ****         UpdateLEDs();
  43:Core/Src/main.c ****        }
  44:Core/Src/main.c ****        if (BIT_READ(GPIOC_IDR, GPIO_PIN_12))
 369              		.loc 1 44 8 is_stmt 1 view .LVU69
 370              		.loc 1 44 12 is_stmt 0 view .LVU70
 371 001e 114B     		ldr	r3, .L29
 372 0020 D3F81038 		ldr	r3, [r3, #2064]
 373              		.loc 1 44 11 view .LVU71
 374 0024 13F4805F 		tst	r3, #4096
 375 0028 F3D0     		beq	.L25
  45:Core/Src/main.c ****        {
  46:Core/Src/main.c ****         led_count = (led_count % 3) + 1;
 376              		.loc 1 46 9 is_stmt 1 view .LVU72
ARM GAS  C:\Users\Bebra\AppData\Local\Temp\ccLcjpQ5.s 			page 9


 377              		.loc 1 46 37 is_stmt 0 view .LVU73
 378 002a 0F48     		ldr	r0, .L29+4
 379 002c 0378     		ldrb	r3, [r0]	@ zero_extendqisi2
 380 002e 0F4A     		ldr	r2, .L29+8
 381 0030 A2FB0312 		umull	r1, r2, r2, r3
 382 0034 02F0FE01 		and	r1, r2, #254
 383 0038 01EB5202 		add	r2, r1, r2, lsr #1
 384 003c 9B1A     		subs	r3, r3, r2
 385 003e 0133     		adds	r3, r3, #1
 386              		.loc 1 46 19 view .LVU74
 387 0040 0370     		strb	r3, [r0]
  47:Core/Src/main.c ****         UpdateLEDs();
 388              		.loc 1 47 9 is_stmt 1 view .LVU75
 389 0042 FFF7FEFF 		bl	UpdateLEDs.0
 390              	.LVL17:
 391 0046 E4E7     		b	.L25
 392              	.L28:
  41:Core/Src/main.c ****         UpdateLEDs();
 393              		.loc 1 41 9 view .LVU76
  41:Core/Src/main.c ****         UpdateLEDs();
 394              		.loc 1 41 46 is_stmt 0 view .LVU77
 395 0048 0949     		ldr	r1, .L29+12
 396 004a 0A78     		ldrb	r2, [r1]	@ zero_extendqisi2
 397 004c 0132     		adds	r2, r2, #1
  41:Core/Src/main.c ****         UpdateLEDs();
 398              		.loc 1 41 51 view .LVU78
 399 004e 094B     		ldr	r3, .L29+16
 400 0050 83FB0203 		smull	r0, r3, r3, r2
 401 0054 03EB4303 		add	r3, r3, r3, lsl #1
 402 0058 D31A     		subs	r3, r2, r3
  41:Core/Src/main.c ****         UpdateLEDs();
 403              		.loc 1 41 26 view .LVU79
 404 005a 0B70     		strb	r3, [r1]
  42:Core/Src/main.c ****        }
 405              		.loc 1 42 9 is_stmt 1 view .LVU80
 406 005c FFF7FEFF 		bl	UpdateLEDs.0
 407              	.LVL18:
 408 0060 DDE7     		b	.L24
 409              	.L30:
 410 0062 00BF     		.align	2
 411              	.L29:
 412 0064 00000240 		.word	1073872896
 413 0068 00000000 		.word	led_count
 414 006c ABAAAAAA 		.word	-1431655765
 415 0070 00000000 		.word	current_led_indx
 416 0074 56555555 		.word	1431655766
 417              		.cfi_endproc
 418              	.LFE135:
 420              		.global	led_index
 421              		.section	.bss.led_index,"aw",%nobits
 424              	led_index:
 425 0000 00       		.space	1
 426              		.global	led_count
 427              		.section	.bss.led_count,"aw",%nobits
 430              	led_count:
 431 0000 00       		.space	1
 432              		.global	current_led_indx
ARM GAS  C:\Users\Bebra\AppData\Local\Temp\ccLcjpQ5.s 			page 10


 433              		.section	.bss.current_led_indx,"aw",%nobits
 436              	current_led_indx:
 437 0000 00       		.space	1
 438              		.text
 439              	.Letext0:
 440              		.file 3 "C:/Tools/GCC/xpack-arm-none-eabi-gcc-13.2.1-1.1/arm-none-eabi/include/machine/_default_ty
 441              		.file 4 "C:/Tools/GCC/xpack-arm-none-eabi-gcc-13.2.1-1.1/arm-none-eabi/include/sys/_stdint.h"
 442              		.file 5 "Core/Src/../Inc/../../CMSIS/Devices/STM32F4xx/Inc/STM32F429ZI/stm32f429xx.h"
ARM GAS  C:\Users\Bebra\AppData\Local\Temp\ccLcjpQ5.s 			page 11


DEFINED SYMBOLS
                            *ABS*:00000000 main.c
C:\Users\Bebra\AppData\Local\Temp\ccLcjpQ5.s:21     .text.UpdateLEDs.0:00000000 $t
C:\Users\Bebra\AppData\Local\Temp\ccLcjpQ5.s:26     .text.UpdateLEDs.0:00000000 UpdateLEDs.0
C:\Users\Bebra\AppData\Local\Temp\ccLcjpQ5.s:127    .text.UpdateLEDs.0:00000068 $d
C:\Users\Bebra\AppData\Local\Temp\ccLcjpQ5.s:430    .bss.led_count:00000000 led_count
C:\Users\Bebra\AppData\Local\Temp\ccLcjpQ5.s:436    .bss.current_led_indx:00000000 current_led_indx
C:\Users\Bebra\AppData\Local\Temp\ccLcjpQ5.s:135    .text.GPIO_init__Memory:00000000 $t
C:\Users\Bebra\AppData\Local\Temp\ccLcjpQ5.s:141    .text.GPIO_init__Memory:00000000 GPIO_init__Memory
C:\Users\Bebra\AppData\Local\Temp\ccLcjpQ5.s:155    .text.GPIO_init_led_pb7_blue:00000000 $t
C:\Users\Bebra\AppData\Local\Temp\ccLcjpQ5.s:161    .text.GPIO_init_led_pb7_blue:00000000 GPIO_init_led_pb7_blue
C:\Users\Bebra\AppData\Local\Temp\ccLcjpQ5.s:200    .text.GPIO_init_led_pb7_blue:00000040 $d
C:\Users\Bebra\AppData\Local\Temp\ccLcjpQ5.s:206    .text.GPIO_init_led_pb14_red:00000000 $t
C:\Users\Bebra\AppData\Local\Temp\ccLcjpQ5.s:212    .text.GPIO_init_led_pb14_red:00000000 GPIO_init_led_pb14_red
C:\Users\Bebra\AppData\Local\Temp\ccLcjpQ5.s:244    .text.GPIO_init_led_pb14_red:00000038 $d
C:\Users\Bebra\AppData\Local\Temp\ccLcjpQ5.s:250    .text.GPIO_init_led_pb0_green:00000000 $t
C:\Users\Bebra\AppData\Local\Temp\ccLcjpQ5.s:256    .text.GPIO_init_led_pb0_green:00000000 GPIO_init_led_pb0_green
C:\Users\Bebra\AppData\Local\Temp\ccLcjpQ5.s:290    .text.GPIO_init_led_pb0_green:00000030 $d
C:\Users\Bebra\AppData\Local\Temp\ccLcjpQ5.s:296    .text.GPIO_button_input:00000000 $t
C:\Users\Bebra\AppData\Local\Temp\ccLcjpQ5.s:302    .text.GPIO_button_input:00000000 GPIO_button_input
C:\Users\Bebra\AppData\Local\Temp\ccLcjpQ5.s:323    .text.GPIO_button_input:00000014 $d
C:\Users\Bebra\AppData\Local\Temp\ccLcjpQ5.s:328    .text.main:00000000 $t
C:\Users\Bebra\AppData\Local\Temp\ccLcjpQ5.s:334    .text.main:00000000 main
C:\Users\Bebra\AppData\Local\Temp\ccLcjpQ5.s:412    .text.main:00000064 $d
C:\Users\Bebra\AppData\Local\Temp\ccLcjpQ5.s:424    .bss.led_index:00000000 led_index
C:\Users\Bebra\AppData\Local\Temp\ccLcjpQ5.s:425    .bss.led_index:00000000 $d
C:\Users\Bebra\AppData\Local\Temp\ccLcjpQ5.s:431    .bss.led_count:00000000 $d
C:\Users\Bebra\AppData\Local\Temp\ccLcjpQ5.s:437    .bss.current_led_indx:00000000 $d

NO UNDEFINED SYMBOLS
